Acacia
AcaciaSavanna1
AcaciaSavanna10
AcaciaSavanna11
AcaciaSavanna12
AcaciaSavanna13
AcaciaSavanna14
AcaciaSavanna15
AcaciaSavanna16
AcaciaSavanna17
AcaciaSavanna18
AcaciaSavanna2
AcaciaSavanna3
AcaciaSavanna4
AcaciaSavanna5
AcaciaSavanna6
AcaciaSavanna7
AcaciaSavanna8
AcaciaSavanna9
BigStoneRock1
BigStoneRock2
BigStoneRock3
BigTree
Birch
BirchForest1
BirchForest2
BirchForest3
BirchForest4
BirchForest5
BirchForest6
BirchForest7
BlackSpruceS1
BlackSpruceS2
BlackSpruceS3
BlackSpruceS4
boulder1
boulder2
boulder3
boulder4
boulder5
boulder6
boulder7
boulder8
boulder9
BrownCapGiant1
BrownCapLarge1
BrownCapLarge2
BrownCapMedium1
BrownCapMedium2
BrownCapSmall1
claydungeon1
claydungeon2
claydungeon3
claydungeon4
claydungeon5
CocoaTree
DarkOak
DesertRockLarge1
DesertRockLarge2
DesertRockMedium1
DesertRockMedium2
DesertRockSmall1
DesertRockSmall2
forestrock1
forestrock2
forestrock3
forestrock4
GlowstoneTreeLargeA
GlowstoneTreeMediumA
GlowstoneTreeSmallA
GlowstoneTreeSmallB
Graveyard1
Graveyard2
Graveyard3
GroundBush
HangingRockMedium1
HangingRockMedium2
HangingRockMedium3
HangingRockMedium4
HangingRockMedium5
HangingRockMedium6
HangingRockSmall1
HangingRockSmall2
HangingRockSmall3
HangingRockSmall4
HangingRockSmall5
HangingRockSmall6
happycloud
HugeMushroom
HugeTaiga1
HugeTaiga2
IceSpikeLarge1
IceSpikeLarge2
IceSpikeMedium1
IceSpikeMedium2
IceSpikeMedium3
IceSpikeSmall1
IceSpikeSmall2
IceSpikeSmall3
JungleForest1
JungleForest2
JungleForest3
JungleForest4
JungleForest5
JungleForest6
JungleForest7
JungleForest8
JunglePalm1
JunglePalm2
JunglePalm3
JunglePalm4
JunglePalm5
JunglePalm6
JunglePalm7
JunglePalm8
JunglePalm9
JungleRainforest1
JungleRainforest10
JungleRainforest2
JungleRainforest3
JungleRainforest4
JungleRainforest5
JungleRainforest6
JungleRainforest7
JungleRainforest8
JungleRainforest9
JungleTree
NetherClaw
NetherCottage
NetherTemple
NetherwartFarm
OakDying1
OakDying2
OakDying3
OakDying4
OakDying5
OakFallenTree1
OakFallenTree2
OakFallenTree3
OakFallenTree4
OakForestEnchanted1
OakForestEnchanted2
OakForestEnchanted3
OakForestEnchanted4
OakForestEnchanted5
OakForestEnchanted6
OakForestEnchanted7
OakForestLarge1
OakForestLarge2
OakForestLarge3
OakForestLarge4
OakForestLarge5
OakForestMedium1
OakForestMedium2
OakForestSmall1
OakForestSmall11
OakForestSmall12
OakForestSmall13
OakForestSmall2
OakForestSmall3
OakForestSmall4
OakForestSmall5
OakForestSmall6
OakForestSmall8
OakForestSmall9
OakIceTree4
OakIceTreeSmall1
OakIceTreeSmall2
OakSwamp01
OakSwamp02
OakSwamp03
OakSwamp04
OakSwamp05
plainsclutter1
plainsclutter2
plainsclutter3
plainsclutter4
plainsclutter5
plainsclutter6
plainsrock1
plainsrock2
plainsrock3
plainsrock4
PumpkinHead2
PumpkinHead3
rainbow
rainbowtree1
rainbowtree2
rainbowtree3
rainbowtree4
rainbowtree5
rainbowtree6
rainbowtree7
RedCapGiant1
RedCapLarge1
RedCapLarge2
RedCapMedium2
RedCapSmall1
rockyhole1
rockyhole2
rockyhole3
rockyhole4
rockyhole5
ShrubJungle1
ShrubJungle2
ShrubJungle3
ShrubJungle4
ShrubJungle5
ShrubOak1
ShrubOak10
ShrubOak11
ShrubOak12
ShrubOak13
ShrubOak14
ShrubOak15
ShrubOak16
ShrubOak17
ShrubOak18
ShrubOak2
ShrubOak3
ShrubOak4
ShrubOak5
ShrubOak6
ShrubOak7
ShrubOak8
ShrubOak9
ShrubPalm1
ShrubPalm2
SlimeTree
SlimeTree2
SpruceFirSmall1
SpruceFirSmall2
SpruceFirSmall3
SpruceFirSmall4
SpruceFirSmall5
SpruceFirSmall6
SpruceFirSmall7
SpruceFirSmall8
SprucePinyon1
SprucePinyon2
SprucePinyon3
SprucePinyon4
SprucePinyon5
SwampTree
Taiga1
Taiga2
TallBirch
Tree
TreeSwamp01
TreeSwamp02
TreeSwamp03
TreeSwamp04
TreeSwamp05
TreeSwamp06
TreeSwamp07
TreeSwamp08
TreeSwamp09
TreeSwamp10
TreeSwamp11
TreeSwampWater01
TreeSwampWater02
TreeSwampWater03
UndergroundDungeon1
UndergroundDungeon2
UndergroundDungeon3
UndergroundDungeon4
UndergroundDungeon5
UseWorld
VolcanoMedium1
VolcanoMedium2
VolcanoMedium3
VolcanoMedium4
VolcanoMedium5
VolcanoSmall1
VolcanoSmall2
WitherTemple
